###############################################################################
#
# IAR ANSI C/C++ Compiler V8.40.2.214/W32 for ARM         24/Jul/2020  15:28:42
# Copyright 1999-2019 IAR Systems AB.
#
#    Cpu mode     =  
#    Endian       =  little
#    Source file  =
#        E:\STM32Project\Cubli_with_STM32F429\Cubli-with-STM32F429\Cubli\user\src\main.c
#    Command line =
#        -f C:\Users\Evan\AppData\Local\Temp\EW10D3.tmp
#        (E:\STM32Project\Cubli_with_STM32F429\Cubli-with-STM32F429\Cubli\user\src\main.c
#        -D USE_STDPERIPH_DRIVER -D STM32F429_439xx -lC
#        E:\STM32Project\Cubli_with_STM32F429\Cubli-with-STM32F429\Cubli\Debug\List
#        -o
#        E:\STM32Project\Cubli_with_STM32F429\Cubli-with-STM32F429\Cubli\Debug\Obj
#        --no_cse --no_unroll --no_inline --no_code_motion --no_tbaa
#        --no_clustering --no_scheduling --debug --endian=little
#        --cpu=Cortex-M4 -e --fpu=None --dlib_config "D:\IAR Systems\Embedded
#        Workbench 8.3\arm\inc\c\DLib_Config_Normal.h" -I
#        E:\STM32Project\Cubli_with_STM32F429\Cubli-with-STM32F429\Cubli\..\STM32F4xx_DSP_StdPeriph_Lib_V1.8.0\Libraries\CMSIS\Device\ST\STM32F4xx\Include\
#        -I
#        E:\STM32Project\Cubli_with_STM32F429\Cubli-with-STM32F429\Cubli\..\STM32F4xx_DSP_StdPeriph_Lib_V1.8.0\Libraries\CMSIS\Device\ST\STM32F4xx\Source\Templates\
#        -I
#        E:\STM32Project\Cubli_with_STM32F429\Cubli-with-STM32F429\Cubli\..\STM32F4xx_DSP_StdPeriph_Lib_V1.8.0\Libraries\CMSIS\Device\ST\STM32F4xx\Source\Templates\iar\
#        -I
#        E:\STM32Project\Cubli_with_STM32F429\Cubli-with-STM32F429\Cubli\..\STM32F4xx_DSP_StdPeriph_Lib_V1.8.0\Libraries\STM32F4xx_StdPeriph_Driver\inc\
#        -I
#        E:\STM32Project\Cubli_with_STM32F429\Cubli-with-STM32F429\Cubli\..\STM32F4xx_DSP_StdPeriph_Lib_V1.8.0\Libraries\STM32F4xx_StdPeriph_Driver\src\
#        -I
#        E:\STM32Project\Cubli_with_STM32F429\Cubli-with-STM32F429\Cubli\user\inc\
#        -I
#        E:\STM32Project\Cubli_with_STM32F429\Cubli-with-STM32F429\Cubli\user\src\
#        -Ol --use_c++_inline -I "D:\IAR Systems\Embedded Workbench
#        8.3\arm\CMSIS\Core\Include\" -I "D:\IAR Systems\Embedded Workbench
#        8.3\arm\CMSIS\DSP\Include\")
#    Locale       =  C
#    List file    =
#        E:\STM32Project\Cubli_with_STM32F429\Cubli-with-STM32F429\Cubli\Debug\List\main.lst
#    Object file  =
#        E:\STM32Project\Cubli_with_STM32F429\Cubli-with-STM32F429\Cubli\Debug\Obj\main.o
#
###############################################################################

E:\STM32Project\Cubli_with_STM32F429\Cubli-with-STM32F429\Cubli\user\src\main.c
      1          #include "stm32f4xx.h"
      2          
      3          #include "timer.h"
      4          #include "pwm.h"
      5          //void TM4_Interrupt_Init(void){
      6          //  TIM_TimeBaseInitTypeDef TIM_BaseStruct;
      7          //  RCC_APB1PeriphClockCmd(RCC_APB1Periph_TIM4,ENABLE);
      8          //  TIM_BaseStruct.TIM_Prescaler = 90-1;
      9          //  TIM_BaseStruct.TIM_Period=5000-1;
     10          //  TIM_BaseStruct.TIM_CounterMode=TIM_CounterMode_Up;
     11          //  TIM_BaseStruct.TIM_ClockDivision=TIM_CKD_DIV1;
     12          //  TIM_BaseStruct.TIM_RepetitionCounter=0;
     13          //  TIM_TimeBaseInit(TIM4,&TIM_BaseStruct);
     14          //  TIM_Cmd(TIM4,ENABLE);
     15          //  TIM_ClearFlag(TIM4,TIM_FLAG_Update);
     16          //  TIM_ITConfig(TIM4,TIM_IT_Update,ENABLE);
     17          //}

   \                                 In section .text, align 2, keep-with-next
     18          void TM5_Interrupt_Init(void){
   \                     TM5_Interrupt_Init: (+1)
   \        0x0   0xB51F             PUSH     {R0-R4,LR}
     19            TIM_TimeBaseInitTypeDef TIM_BaseStruct;
     20            RCC_APB1PeriphClockCmd(RCC_APB1Periph_TIM5,ENABLE);
   \        0x2   0x2101             MOVS     R1,#+1
   \        0x4   0x2008             MOVS     R0,#+8
   \        0x6   0x....'....        BL       RCC_APB1PeriphClockCmd
     21            TIM_BaseStruct.TIM_Prescaler = 90-1;
   \        0xA   0x2059             MOVS     R0,#+89
   \        0xC   0xF8AD 0x0000      STRH     R0,[SP, #+0]
     22            TIM_BaseStruct.TIM_Period=5000-1;
   \       0x10   0xF241 0x3087      MOVW     R0,#+4999
   \       0x14   0x9001             STR      R0,[SP, #+4]
     23            TIM_BaseStruct.TIM_CounterMode=TIM_CounterMode_Up;
   \       0x16   0x2000             MOVS     R0,#+0
   \       0x18   0xF8AD 0x0002      STRH     R0,[SP, #+2]
     24            TIM_BaseStruct.TIM_ClockDivision=TIM_CKD_DIV1;
   \       0x1C   0x2000             MOVS     R0,#+0
   \       0x1E   0xF8AD 0x0008      STRH     R0,[SP, #+8]
     25            TIM_BaseStruct.TIM_RepetitionCounter=0;
   \       0x22   0x2000             MOVS     R0,#+0
   \       0x24   0xF88D 0x000A      STRB     R0,[SP, #+10]
     26            TIM_TimeBaseInit(TIM5,&TIM_BaseStruct);
   \       0x28   0x....             LDR.N    R4,??DataTable2  ;; 0x40000c00
   \       0x2A   0x4669             MOV      R1,SP
   \       0x2C   0x0020             MOVS     R0,R4
   \       0x2E   0x....'....        BL       TIM_TimeBaseInit
     27            TIM_Cmd(TIM5,ENABLE);
   \       0x32   0x2101             MOVS     R1,#+1
   \       0x34   0x0020             MOVS     R0,R4
   \       0x36   0x....'....        BL       TIM_Cmd
     28            TIM_ClearFlag(TIM5,TIM_FLAG_Update);
   \       0x3A   0x2101             MOVS     R1,#+1
   \       0x3C   0x0020             MOVS     R0,R4
   \       0x3E   0x....'....        BL       TIM_ClearFlag
     29            TIM_ITConfig(TIM5,TIM_IT_Update,ENABLE);
   \       0x42   0x2201             MOVS     R2,#+1
   \       0x44   0x2101             MOVS     R1,#+1
   \       0x46   0x0020             MOVS     R0,R4
   \       0x48   0x....'....        BL       TIM_ITConfig
     30          }
   \       0x4C   0xBD1F             POP      {R0-R4,PC}       ;; return

   \                                 In section .text, align 2, keep-with-next
     31          void NVIC_Set(void){
   \                     NVIC_Set: (+1)
   \        0x0   0xB580             PUSH     {R7,LR}
     32            NVIC_InitTypeDef NVIC_InitStructure;
     33            NVIC_PriorityGroupConfig(NVIC_PriorityGroup_2);//0~2
   \        0x2   0xF44F 0x60A0      MOV      R0,#+1280
   \        0x6   0x....'....        BL       NVIC_PriorityGroupConfig
     34            
     35            /*TIM5*/
     36            NVIC_InitStructure.NVIC_IRQChannel = TIM5_IRQn;    
   \        0xA   0x2032             MOVS     R0,#+50
   \        0xC   0xF88D 0x0000      STRB     R0,[SP, #+0]
     37            NVIC_InitStructure.NVIC_IRQChannelPreemptionPriority = 1;
   \       0x10   0x2001             MOVS     R0,#+1
   \       0x12   0xF88D 0x0001      STRB     R0,[SP, #+1]
     38            NVIC_InitStructure.NVIC_IRQChannelSubPriority = 0;
   \       0x16   0x2000             MOVS     R0,#+0
   \       0x18   0xF88D 0x0002      STRB     R0,[SP, #+2]
     39            NVIC_InitStructure.NVIC_IRQChannelCmd = ENABLE;            
   \       0x1C   0x2001             MOVS     R0,#+1
   \       0x1E   0xF88D 0x0003      STRB     R0,[SP, #+3]
     40            NVIC_Init(&NVIC_InitStructure);
   \       0x22   0x4668             MOV      R0,SP
   \       0x24   0x....'....        BL       NVIC_Init
     41            
     42            /*DMA1_Stream6_IRQn*/
     43            NVIC_InitStructure.NVIC_IRQChannel = DMA2_Stream7_IRQn;
   \       0x28   0x2046             MOVS     R0,#+70
   \       0x2A   0xF88D 0x0000      STRB     R0,[SP, #+0]
     44            NVIC_InitStructure.NVIC_IRQChannelPreemptionPriority=2;
   \       0x2E   0x2002             MOVS     R0,#+2
   \       0x30   0xF88D 0x0001      STRB     R0,[SP, #+1]
     45            NVIC_InitStructure.NVIC_IRQChannelSubPriority = 2;		
   \       0x34   0x2002             MOVS     R0,#+2
   \       0x36   0xF88D 0x0002      STRB     R0,[SP, #+2]
     46            NVIC_InitStructure.NVIC_IRQChannelCmd = ENABLE;			
   \       0x3A   0x2001             MOVS     R0,#+1
   \       0x3C   0xF88D 0x0003      STRB     R0,[SP, #+3]
     47            NVIC_Init(&NVIC_InitStructure);
   \       0x40   0x4668             MOV      R0,SP
   \       0x42   0x....'....        BL       NVIC_Init
     48          }
   \       0x46   0xBD01             POP      {R0,PC}          ;; return

   \                                 In section .text, align 2, keep-with-next
     49          void LED_On_Board(void){
   \                     LED_On_Board: (+1)
   \        0x0   0xB5E0             PUSH     {R5-R7,LR}
     50            GPIO_InitTypeDef GPIO_InitStructure;
     51            RCC_AHB1PeriphClockCmd(RCC_AHB1Periph_GPIOG,ENABLE); //enable GPIOA clock   //
   \        0x2   0x2101             MOVS     R1,#+1
   \        0x4   0x2040             MOVS     R0,#+64
   \        0x6   0x....'....        BL       RCC_AHB1PeriphClockCmd
     52            GPIO_InitStructure.GPIO_Pin = GPIO_Pin_13 | GPIO_Pin_14 | GPIO_Pin_15;
   \        0xA   0xF44F 0x4060      MOV      R0,#+57344
   \        0xE   0x9000             STR      R0,[SP, #+0]
     53            GPIO_InitStructure.GPIO_Mode = GPIO_Mode_OUT;
   \       0x10   0x2001             MOVS     R0,#+1
   \       0x12   0xF88D 0x0004      STRB     R0,[SP, #+4]
     54            GPIO_InitStructure.GPIO_Speed = GPIO_Speed_50MHz;
   \       0x16   0x2002             MOVS     R0,#+2
   \       0x18   0xF88D 0x0005      STRB     R0,[SP, #+5]
     55            GPIO_InitStructure.GPIO_OType = GPIO_OType_PP;
   \       0x1C   0x2000             MOVS     R0,#+0
   \       0x1E   0xF88D 0x0006      STRB     R0,[SP, #+6]
     56            GPIO_InitStructure.GPIO_PuPd = GPIO_PuPd_NOPULL;
   \       0x22   0x2000             MOVS     R0,#+0
   \       0x24   0xF88D 0x0007      STRB     R0,[SP, #+7]
     57            GPIO_Init(GPIOG, &GPIO_InitStructure);
   \       0x28   0x4669             MOV      R1,SP
   \       0x2A   0x....             LDR.N    R0,??DataTable2_1  ;; 0x40021800
   \       0x2C   0x....'....        BL       GPIO_Init
     58          }
   \       0x30   0xBD07             POP      {R0-R2,PC}       ;; return

   \                                 In section .bss, align 4
     59          int a,b,c;
   \                     a:
   \        0x0                      DS8 4

   \                                 In section .bss, align 4
   \                     `b`:
   \        0x0                      DS8 4

   \                                 In section .bss, align 4
   \                     c:
   \        0x0                      DS8 4

   \                                 In section .text, align 2, keep-with-next
     60          void main(void){
   \                     main: (+1)
   \        0x0   0xB580             PUSH     {R7,LR}
     61            systick_setup();
   \        0x2   0x....'....        BL       systick_setup
     62            
     63            TM2_PWM_Init();
   \        0x6   0x....'....        BL       TM2_PWM_Init
     64            TIM2->CCR1=1700;//PA0
   \        0xA   0xF240 0x60A4      MOVW     R0,#+1700
   \        0xE   0x....             LDR.N    R1,??DataTable2_2  ;; 0x40000034
   \       0x10   0x6008             STR      R0,[R1, #+0]
     65            TIM2->CCR3=1700;//PB10
   \       0x12   0x....             LDR.N    R1,??DataTable2_3  ;; 0x4000003c
   \       0x14   0x6008             STR      R0,[R1, #+0]
     66            TIM2->CCR4=1700;//PB11
   \       0x16   0x....             LDR.N    R1,??DataTable2_4  ;; 0x40000040
   \       0x18   0x6008             STR      R0,[R1, #+0]
     67            Delay(150);
   \       0x1A   0x2096             MOVS     R0,#+150
   \       0x1C   0x....'....        BL       Delay
     68            
     69            TIM3_EncoderInterface_Init();
   \       0x20   0x....'....        BL       TIM3_EncoderInterface_Init
     70            TIM4_EncoderInterface_Init();
   \       0x24   0x....'....        BL       TIM4_EncoderInterface_Init
     71            TIM1_EncoderInterface_Init();
   \       0x28   0x....'....        BL       TIM1_EncoderInterface_Init
     72            Delay(5);
   \       0x2C   0x2005             MOVS     R0,#+5
   \       0x2E   0x....'....        BL       Delay
     73            
     74            TM8_PWM_Init();
   \       0x32   0x....'....        BL       TM8_PWM_Init
     75            LED_On_Board();
   \       0x36   0x....'....        BL       LED_On_Board
     76            
     77            IIC_GPIO_Init();
   \       0x3A   0x....'....        BL       IIC_GPIO_Init
     78            MPU6050_Init();
   \       0x3E   0x....'....        BL       MPU6050_Init
     79            get_mpu_id();
   \       0x42   0x....'....        BL       get_mpu_id
     80          
     81            get_iir_factor(&Mpu.att_acc_factor,0.005f,25);
   \       0x46   0x....             LDR.N    R2,??DataTable2_5  ;; 0x41c80000
   \       0x48   0x....             LDR.N    R1,??DataTable2_6  ;; 0x3ba3d70a
   \       0x4A   0x....             LDR.N    R0,??DataTable2_7
   \       0x4C   0x....'....        BL       get_iir_factor
     82            TM5_Interrupt_Init();
   \       0x50   0x....'....        BL       TM5_Interrupt_Init
     83            NVIC_Set();
   \       0x54   0x....'....        BL       NVIC_Set
     84            
     85            Delay(2000);
   \       0x58   0xF44F 0x60FA      MOV      R0,#+2000
   \       0x5C   0x....'....        BL       Delay
     86            nvic_flag = 1;
   \       0x60   0x2001             MOVS     R0,#+1
   \       0x62   0x....             LDR.N    R1,??DataTable2_8
   \       0x64   0x6008             STR      R0,[R1, #+0]
     87            
     88            /*
     89            TIM8->CCR1 = 1000;//x pin13
     90            Delay(1000);
     91            TIM8->CCR2 = 2000;//z
     92            Delay(1000);
     93            TIM8->CCR3 = 2000;//y
     94            */
     95            while(1){
   \                     ??main_0: (+1)
   \       0x66   0xE7FE             B.N      ??main_0
     96              /*
     97              Delay(1500);
     98              GPIO_ToggleBits(GPIOG,GPIO_Pin_13);
     99              Delay(1500);
    100              GPIO_ToggleBits(GPIOG,GPIO_Pin_13);
    101              Delay(5);
    102              a=read_Encoder_x();
    103              b=read_Encoder_y();
    104              c=read_Encoder_z();*/
    105          //    printf("%d",TIM12->CNT);
    106              
    107          //  TIM8->CCR1 = 1000;
    108          //  TIM8->CCR2 = 1500;
    109          //  TIM8->CCR3 = 2000;Delay(3000);
    110            
    111            
    112          //  TIM8->CCR3=-800;Delay(3000);
    113            
    114          //    if(att.pit<-27){//jump up
    115          //      Delay(3000);
    116          //      nvic_flag = 0;
    117          //      PWM_X =0;
    118          //      set_pwm(PWM_X);
    119          //      TIM2->CCR3=1250;//1500;
    120          //      Delay(50);
    121          //      nvic_flag = 1;
    122          //      Delay(200);
    123          //      TIM2->CCR3=1700;
    124          //      Delay(200);
    125          //    }else if(att.pit>27){//jump up
    126          //      Delay(3000);
    127          //      nvic_flag = 0;
    128          //      PWM_X =0;
    129          //      set_pwm(PWM_X);
    130          //      TIM2->CCR3=1250;//1500;
    131          //      Delay(50);
    132          //      nvic_flag = 1;
    133          //      Delay(200);
    134          //      TIM2->CCR3=1700;
    135          //      Delay(200);
    136          //    }
    137            }
    138          }

   \                                 In section .text, align 4, keep-with-next
   \                     ??DataTable2:
   \        0x0   0x4000'0C00        DC32     0x40000c00

   \                                 In section .text, align 4, keep-with-next
   \                     ??DataTable2_1:
   \        0x0   0x4002'1800        DC32     0x40021800

   \                                 In section .text, align 4, keep-with-next
   \                     ??DataTable2_2:
   \        0x0   0x4000'0034        DC32     0x40000034

   \                                 In section .text, align 4, keep-with-next
   \                     ??DataTable2_3:
   \        0x0   0x4000'003C        DC32     0x4000003c

   \                                 In section .text, align 4, keep-with-next
   \                     ??DataTable2_4:
   \        0x0   0x4000'0040        DC32     0x40000040

   \                                 In section .text, align 4, keep-with-next
   \                     ??DataTable2_5:
   \        0x0   0x41C8'0000        DC32     0x41c80000

   \                                 In section .text, align 4, keep-with-next
   \                     ??DataTable2_6:
   \        0x0   0x3BA3'D70A        DC32     0x3ba3d70a

   \                                 In section .text, align 4, keep-with-next
   \                     ??DataTable2_7:
   \        0x0   0x....'....        DC32     Mpu+0x24

   \                                 In section .text, align 4, keep-with-next
   \                     ??DataTable2_8:
   \        0x0   0x....'....        DC32     nvic_flag

   Maximum stack usage in bytes:

   .cstack Function
   ------- --------
      16   LED_On_Board
        16   -> GPIO_Init
        16   -> RCC_AHB1PeriphClockCmd
       8   NVIC_Set
         8   -> NVIC_Init
         8   -> NVIC_PriorityGroupConfig
      24   TM5_Interrupt_Init
        24   -> RCC_APB1PeriphClockCmd
        24   -> TIM_ClearFlag
        24   -> TIM_Cmd
        24   -> TIM_ITConfig
        24   -> TIM_TimeBaseInit
       8   main
         8   -> Delay
         8   -> IIC_GPIO_Init
         8   -> LED_On_Board
         8   -> MPU6050_Init
         8   -> NVIC_Set
         8   -> TIM1_EncoderInterface_Init
         8   -> TIM3_EncoderInterface_Init
         8   -> TIM4_EncoderInterface_Init
         8   -> TM2_PWM_Init
         8   -> TM5_Interrupt_Init
         8   -> TM8_PWM_Init
         8   -> get_iir_factor
         8   -> get_mpu_id
         8   -> systick_setup


   Section sizes:

   Bytes  Function/Label
   -----  --------------
       4  ??DataTable2
       4  ??DataTable2_1
       4  ??DataTable2_2
       4  ??DataTable2_3
       4  ??DataTable2_4
       4  ??DataTable2_5
       4  ??DataTable2_6
       4  ??DataTable2_7
       4  ??DataTable2_8
      50  LED_On_Board
      72  NVIC_Set
      78  TM5_Interrupt_Init
       4  a
       4  b
       4  c
     104  main

 
  12 bytes in section .bss
 340 bytes in section .text
 
 340 bytes of CODE memory
  12 bytes of DATA memory

Errors: none
Warnings: none
