###############################################################################
#
# IAR ANSI C/C++ Compiler V8.40.2.214/W32 for ARM         23/Aug/2021  13:26:23
# Copyright 1999-2019 IAR Systems AB.
#
#    Cpu mode     =  
#    Endian       =  little
#    Source file  =
#        E:\STM32Project\Cubli-with-STM32F429\Cubli\User\src\MPU6050.c
#    Command line =
#        -f C:\Users\LABPC1~1\AppData\Local\Temp\EW60B0.tmp
#        (E:\STM32Project\Cubli-with-STM32F429\Cubli\User\src\MPU6050.c -D
#        USE_STDPERIPH_DRIVER -D STM32F429_439xx -lC
#        E:\STM32Project\Cubli-with-STM32F429\Cubli\Debug\List -o
#        E:\STM32Project\Cubli-with-STM32F429\Cubli\Debug\Obj --no_cse
#        --no_unroll --no_inline --no_code_motion --no_tbaa --no_clustering
#        --no_scheduling --debug --endian=little --cpu=Cortex-M4 -e --fpu=None
#        --dlib_config "D:\IAR Systems\Embedded Workbench
#        8.3\arm\inc\c\DLib_Config_Normal.h" -I
#        E:\STM32Project\Cubli-with-STM32F429\Cubli\..\STM32F4xx_DSP_StdPeriph_Lib_V1.8.0\Libraries\CMSIS\Device\ST\STM32F4xx\Include\
#        -I
#        E:\STM32Project\Cubli-with-STM32F429\Cubli\..\STM32F4xx_DSP_StdPeriph_Lib_V1.8.0\Libraries\CMSIS\Device\ST\STM32F4xx\Source\Templates\
#        -I
#        E:\STM32Project\Cubli-with-STM32F429\Cubli\..\STM32F4xx_DSP_StdPeriph_Lib_V1.8.0\Libraries\CMSIS\Device\ST\STM32F4xx\Source\Templates\iar\
#        -I
#        E:\STM32Project\Cubli-with-STM32F429\Cubli\..\STM32F4xx_DSP_StdPeriph_Lib_V1.8.0\Libraries\STM32F4xx_StdPeriph_Driver\inc\
#        -I
#        E:\STM32Project\Cubli-with-STM32F429\Cubli\..\STM32F4xx_DSP_StdPeriph_Lib_V1.8.0\Libraries\STM32F4xx_StdPeriph_Driver\src\
#        -I E:\STM32Project\Cubli-with-STM32F429\Cubli\user\inc\ -I
#        E:\STM32Project\Cubli-with-STM32F429\Cubli\user\src\ -Ol
#        --use_c++_inline -I "D:\IAR Systems\Embedded Workbench
#        8.3\arm\CMSIS\Core\Include\" -I "D:\IAR Systems\Embedded Workbench
#        8.3\arm\CMSIS\DSP\Include\")
#    Locale       =  C
#    List file    =
#        E:\STM32Project\Cubli-with-STM32F429\Cubli\Debug\List\MPU6050.lst
#    Object file  =
#        E:\STM32Project\Cubli-with-STM32F429\Cubli\Debug\Obj\MPU6050.o
#
###############################################################################

E:\STM32Project\Cubli-with-STM32F429\Cubli\User\src\MPU6050.c
      1          #include "MPU6050.h"
      2          

   \                                 In section .bss, align 4
      3          S16_XYZ  acc_raw = {0};                  //加速度計raw data存取
   \                     acc_raw:
   \        0x0                      DS8 8

   \                                 In section .bss, align 4
      4          S16_XYZ  gyro_raw = {0};                 //陀螺儀raw data存取
   \                     gyro_raw:
   \        0x0                      DS8 8

   \                                 In section .bss, align 4
      5          SI_F_XYZ acc_raw_f = {0};
   \                     acc_raw_f:
   \        0x0                      DS8 12

   \                                 In section .bss, align 4
      6          SI_F_XYZ gyro_raw_f = {0};
   \                     gyro_raw_f:
   \        0x0                      DS8 12

   \                                 In section .bss, align 4
      7          SI_F_XYZ acc_att_lpf = {0};
   \                     acc_att_lpf:
   \        0x0                      DS8 12

   \                                 In section .bss, align 4
      8          SI_F_XYZ gyro_lpf = {0};
   \                     gyro_lpf:
   \        0x0                      DS8 12
      9          //SI_F_XYZ gyro_offset = {0,10,-2} ;   //-128 33 -18     //陀螺儀校正數據存取

   \                                 In section .bss, align 4
     10          SI_F_XYZ gyro_offset = {0,0,0} ;   //-128 33 -18     //陀螺儀校正數據存取
   \                     gyro_offset:
   \        0x0                      DS8 12

   \                                 In section .bss, align 4
     11          _Mpu6050_data Mpu = {0};
   \                     Mpu:
   \        0x0                      DS8 44

   \                                 In section .bss, align 4
     12          SI_F_XYZ accel_offset={0,0,0};
   \                     accel_offset:
   \        0x0                      DS8 12
     13          

   \                                 In section .text, align 2, keep-with-next
     14          void MPU6050_Init(void){
   \                     MPU6050_Init: (+1)
   \        0x0   0xB580             PUSH     {R7,LR}
     15              IIC_Send(SlaveAddress,PWR_MGMT_1,0x0);//唤醒mpu
   \        0x2   0x2200             MOVS     R2,#+0
   \        0x4   0x216B             MOVS     R1,#+107
   \        0x6   0x20D0             MOVS     R0,#+208
   \        0x8   0x....'....        BL       IIC_Send
     16              
     17              /*SMPLRT_DIV 陀螺儀的採樣頻率
     18              傳感器的寄存器輸出,FIFO輸出,DMP採樣、運動檢測、零運動檢測和自由落體檢測都是基於採樣率。
     19              通過SMPLRT_DIV把陀螺儀輸出率分頻即可得到採樣率
     20              when DLPF is disabled( DLPF_CFG=0 or 7)陀螺儀輸出頻率 = 8kHz; 
     21              when DLPF is enabled, 陀螺儀輸出頻率 = 1KHz, 加速度傳感器輸出率是1 khz。
     22              fs(採樣頻率) = 陀螺儀輸出頻率 / (1 + SMPLRT_DIV)*/	
     23              IIC_Send(SlaveAddress,SMPLRT_DIV,0x00);//sample rate.  Fsample= 1Khz/(<this value>+1) = 1000Hz
   \        0xC   0x2200             MOVS     R2,#+0
   \        0xE   0x2119             MOVS     R1,#+25
   \       0x10   0x20D0             MOVS     R0,#+208
   \       0x12   0x....'....        BL       IIC_Send
     24              IIC_Send(SlaveAddress,CONFIG,0x03);//内部低通  acc:44hz	gyro:42hz register 26
   \       0x16   0x2203             MOVS     R2,#+3
   \       0x18   0x211A             MOVS     R1,#+26
   \       0x1A   0x20D0             MOVS     R0,#+208
   \       0x1C   0x....'....        BL       IIC_Send
     25              IIC_Send(SlaveAddress,GYRO_CONFIG,0x18);// gyro scale  ：+-2000deg/s REGISTER 27
   \       0x20   0x2218             MOVS     R2,#+24
   \       0x22   0x211B             MOVS     R1,#+27
   \       0x24   0x20D0             MOVS     R0,#+208
   \       0x26   0x....'....        BL       IIC_Send
     26              IIC_Send(SlaveAddress,ACCEL_CONFIG,0x10);// Accel scale ：+-8g (65536/16=4096 LSB/g) REGISTER 28 
   \       0x2A   0x2210             MOVS     R2,#+16
   \       0x2C   0x211C             MOVS     R1,#+28
   \       0x2E   0x20D0             MOVS     R0,#+208
   \       0x30   0x....'....        BL       IIC_Send
     27              
     28          //    IIC_Send(SlaveAddress,XA_OFFSET_L_TC, 161);
     29          //    IIC_Send(SlaveAddress,XA_OFFSET_H, 255);
     30          //    IIC_Send(SlaveAddress,YA_OFFSET_L_TC, 130);
     31          //    IIC_Send(SlaveAddress,YA_OFFSET_H, 7);
     32          //    
     33          //    IIC_Send(SlaveAddress,ZA_OFFSET_L_TC, 220);
     34          //    IIC_Send(SlaveAddress,ZA_OFFSET_H, 1); //65536 or 4096
     35          //    
     36          //    IIC_Send(SlaveAddress,XG_OFFS_USRL, 143);
     37          //    IIC_Send(SlaveAddress,XG_OFFS_USRH, 0);
     38          //    IIC_Send(SlaveAddress,YG_OFFS_USRL, 176);
     39          //    IIC_Send(SlaveAddress,YG_OFFS_USRH, 255);
     40          //    IIC_Send(SlaveAddress,ZG_OFFS_USRL, 41);
     41          //    IIC_Send(SlaveAddress,ZG_OFFS_USRH, 0);
     42              
     43              IIC_Send(SlaveAddress,XA_OFFSET_L_TC, 100);
   \       0x34   0x2264             MOVS     R2,#+100
   \       0x36   0x2107             MOVS     R1,#+7
   \       0x38   0x20D0             MOVS     R0,#+208
   \       0x3A   0x....'....        BL       IIC_Send
     44              IIC_Send(SlaveAddress,XA_OFFSET_H, 255);
   \       0x3E   0x22FF             MOVS     R2,#+255
   \       0x40   0x2106             MOVS     R1,#+6
   \       0x42   0x20D0             MOVS     R0,#+208
   \       0x44   0x....'....        BL       IIC_Send
     45              IIC_Send(SlaveAddress,YA_OFFSET_L_TC, 152);
   \       0x48   0x2298             MOVS     R2,#+152
   \       0x4A   0x2109             MOVS     R1,#+9
   \       0x4C   0x20D0             MOVS     R0,#+208
   \       0x4E   0x....'....        BL       IIC_Send
     46              IIC_Send(SlaveAddress,YA_OFFSET_H, 250);
   \       0x52   0x22FA             MOVS     R2,#+250
   \       0x54   0x2108             MOVS     R1,#+8
   \       0x56   0x20D0             MOVS     R0,#+208
   \       0x58   0x....'....        BL       IIC_Send
     47              
     48              IIC_Send(SlaveAddress,ZA_OFFSET_L_TC, 40);
   \       0x5C   0x2228             MOVS     R2,#+40
   \       0x5E   0x210B             MOVS     R1,#+11
   \       0x60   0x20D0             MOVS     R0,#+208
   \       0x62   0x....'....        BL       IIC_Send
     49              IIC_Send(SlaveAddress,ZA_OFFSET_H, 3); //65536 or 4096
   \       0x66   0x2203             MOVS     R2,#+3
   \       0x68   0x210A             MOVS     R1,#+10
   \       0x6A   0x20D0             MOVS     R0,#+208
   \       0x6C   0x....'....        BL       IIC_Send
     50              
     51              IIC_Send(SlaveAddress,XG_OFFS_USRL, 112);
   \       0x70   0x2270             MOVS     R2,#+112
   \       0x72   0x2114             MOVS     R1,#+20
   \       0x74   0x20D0             MOVS     R0,#+208
   \       0x76   0x....'....        BL       IIC_Send
     52              IIC_Send(SlaveAddress,XG_OFFS_USRH, 0);
   \       0x7A   0x2200             MOVS     R2,#+0
   \       0x7C   0x2113             MOVS     R1,#+19
   \       0x7E   0x20D0             MOVS     R0,#+208
   \       0x80   0x....'....        BL       IIC_Send
     53              IIC_Send(SlaveAddress,YG_OFFS_USRL, 230);
   \       0x84   0x22E6             MOVS     R2,#+230
   \       0x86   0x2116             MOVS     R1,#+22
   \       0x88   0x20D0             MOVS     R0,#+208
   \       0x8A   0x....'....        BL       IIC_Send
     54              IIC_Send(SlaveAddress,YG_OFFS_USRH, 255);
   \       0x8E   0x22FF             MOVS     R2,#+255
   \       0x90   0x2115             MOVS     R1,#+21
   \       0x92   0x20D0             MOVS     R0,#+208
   \       0x94   0x....'....        BL       IIC_Send
     55              IIC_Send(SlaveAddress,ZG_OFFS_USRL, 28);
   \       0x98   0x221C             MOVS     R2,#+28
   \       0x9A   0x2118             MOVS     R1,#+24
   \       0x9C   0x20D0             MOVS     R0,#+208
   \       0x9E   0x....'....        BL       IIC_Send
     56              IIC_Send(SlaveAddress,ZG_OFFS_USRH, 0);
   \       0xA2   0x2200             MOVS     R2,#+0
   \       0xA4   0x2117             MOVS     R1,#+23
   \       0xA6   0x20D0             MOVS     R0,#+208
   \       0xA8   0x....'....        BL       IIC_Send
     57          }
   \       0xAC   0xBD01             POP      {R0,PC}          ;; return
     58          
     59          //two bytes data access

   \                                 In section .text, align 2, keep-with-next
     60          static s16 get_data(u8 REG_Address){
   \                     get_data: (+1)
   \        0x0   0xB538             PUSH     {R3-R5,LR}
   \        0x2   0x0004             MOVS     R4,R0
     61              u16 H,L;
     62              H = IIC_Read(SlaveAddress,REG_Address);
   \        0x4   0x0021             MOVS     R1,R4
   \        0x6   0xB2C9             UXTB     R1,R1            ;; ZeroExt  R1,R1,#+24,#+24
   \        0x8   0x20D0             MOVS     R0,#+208
   \        0xA   0x....'....        BL       IIC_Read
   \        0xE   0x0005             MOVS     R5,R0
     63              L = IIC_Read(SlaveAddress,REG_Address+1);
   \       0x10   0x1C64             ADDS     R4,R4,#+1
   \       0x12   0x0021             MOVS     R1,R4
   \       0x14   0xB2C9             UXTB     R1,R1            ;; ZeroExt  R1,R1,#+24,#+24
   \       0x16   0x20D0             MOVS     R0,#+208
   \       0x18   0x....'....        BL       IIC_Read
     64              return ((H<<8)|L);
   \       0x1C   0xEA50 0x2005      ORRS     R0,R0,R5, LSL #+8
   \       0x20   0xB200             SXTH     R0,R0            ;; SignExt  R0,R0,#+16,#+16
   \       0x22   0xBD32             POP      {R1,R4,R5,PC}    ;; return
     65          }
     66          //get id

   \                                 In section .text, align 2, keep-with-next
     67          u8 get_mpu_id(void){
   \                     get_mpu_id: (+1)
   \        0x0   0xB510             PUSH     {R4,LR}
     68              u8 mpu_id=0;
   \        0x2   0x2000             MOVS     R0,#+0
     69              mpu_id = IIC_Read(SlaveAddress,WHO_AM_I);
   \        0x4   0x2175             MOVS     R1,#+117
   \        0x6   0x20D0             MOVS     R0,#+208
   \        0x8   0x....'....        BL       IIC_Read
   \        0xC   0x0004             MOVS     R4,R0
     70              printf("mpu id is %x\n",mpu_id);
   \        0xE   0x0021             MOVS     R1,R4
   \       0x10   0xB2C9             UXTB     R1,R1            ;; ZeroExt  R1,R1,#+24,#+24
   \       0x12   0x....             LDR.N    R0,??DataTable8
   \       0x14   0x....'....        BL       printf
     71              return mpu_id;
   \       0x18   0x0020             MOVS     R0,R4
   \       0x1A   0xB2C0             UXTB     R0,R0            ;; ZeroExt  R0,R0,#+24,#+24
   \       0x1C   0xBD10             POP      {R4,PC}          ;; return
     72          }
     73          /*==================================
     74          存取加速度計三軸raw data
     75          ==================================*/

   \                                 In section .text, align 2, keep-with-next
     76          void get_acc_raw(void){
   \                     get_acc_raw: (+1)
   \        0x0   0xB538             PUSH     {R3-R5,LR}
     77              acc_raw.x = get_data(ACCEL_XOUT_H); // get acceleration x data 
   \        0x2   0x....             LDR.N    R4,??DataTable8_1
   \        0x4   0x203B             MOVS     R0,#+59
   \        0x6   0x....'....        BL       get_data
   \        0xA   0x8020             STRH     R0,[R4, #+0]
     78              acc_raw.y = get_data(ACCEL_YOUT_H);
   \        0xC   0x203D             MOVS     R0,#+61
   \        0xE   0x....'....        BL       get_data
   \       0x12   0x8060             STRH     R0,[R4, #+2]
     79              acc_raw.z = get_data(ACCEL_ZOUT_H); 
   \       0x14   0x203F             MOVS     R0,#+63
   \       0x16   0x....'....        BL       get_data
   \       0x1A   0x80A0             STRH     R0,[R4, #+4]
     80              
     81              acc_raw_f.x = (float)acc_raw.x;
   \       0x1C   0x....             LDR.N    R5,??DataTable8_2
   \       0x1E   0xF9B4 0x0000      LDRSH    R0,[R4, #+0]
   \       0x22   0x....'....        BL       __aeabi_i2f
   \       0x26   0x6028             STR      R0,[R5, #+0]
     82              acc_raw_f.y = (float)acc_raw.y;
   \       0x28   0xF9B4 0x0002      LDRSH    R0,[R4, #+2]
   \       0x2C   0x....'....        BL       __aeabi_i2f
   \       0x30   0x6068             STR      R0,[R5, #+4]
     83              acc_raw_f.z = (float)acc_raw.z;
   \       0x32   0xF9B4 0x0004      LDRSH    R0,[R4, #+4]
   \       0x36   0x....'....        BL       __aeabi_i2f
   \       0x3A   0x60A8             STR      R0,[R5, #+8]
     84              //printf(" x raw data is %f\n",acc_raw_f.x);
     85          }
   \       0x3C   0xBD31             POP      {R0,R4,R5,PC}    ;; return
     86          

   \                                 In section .data, align 4
     87          _Butterworth_parameter gyro_30hz_parameter =
   \                     gyro_30hz_parameter:
   \        0x0   0x3F80'0000        DC32 0x3f80'0000, 0xbf3f'6f1d, 0x3e8b'5fc2, 0x3e06'40c4, 0x3e86'40c4
   \              0xBF3F'6F1D  
   \              0x3E8B'5FC2  
   \              0x3E06'40C4  
   \              0x3E86'40C4  
   \       0x14   0x3E06'40C4        DC32 0x3e06'40c4
     88          {
     89              //200hz---30hz
     90              1,  -0.7477891782585,    0.272214937925,
     91              0.1311064399166,   0.2622128798333,   0.1311064399166 
     92          }; 
     93          

   \                                 In section .bss, align 4
     94          _Butterworth_data   gyro_butter_data[3];
   \                     gyro_butter_data:
   \        0x0                      DS8 72
     95          //存取陀螺儀三軸raw data

   \                                 In section .text, align 2, keep-with-next
     96          void get_gyro_raw(void)
     97          {
   \                     get_gyro_raw: (+1)
   \        0x0   0xE92D 0x41F0      PUSH     {R4-R8,LR}
     98              gyro_raw.x = get_data(GYRO_XOUT_H) + gyro_offset.x;
                                ^
Warning[Pa093]: implicit conversion from floating point to integer
   \        0x4   0x2043             MOVS     R0,#+67
   \        0x6   0x....'....        BL       get_data
   \        0xA   0x....             LDR.N    R4,??DataTable8_3
   \        0xC   0x....             LDR.N    R5,??DataTable8_4
   \        0xE   0xB200             SXTH     R0,R0            ;; SignExt  R0,R0,#+16,#+16
   \       0x10   0x....'....        BL       __aeabi_i2f
   \       0x14   0x6829             LDR      R1,[R5, #+0]
   \       0x16   0x....'....        BL       __aeabi_fadd
   \       0x1A   0x....'....        BL       __aeabi_f2iz
   \       0x1E   0x8020             STRH     R0,[R4, #+0]
     99              gyro_raw.y = get_data(GYRO_YOUT_H) + gyro_offset.y;
                                ^
Warning[Pa093]: implicit conversion from floating point to integer
   \       0x20   0x2045             MOVS     R0,#+69
   \       0x22   0x....'....        BL       get_data
   \       0x26   0xB200             SXTH     R0,R0            ;; SignExt  R0,R0,#+16,#+16
   \       0x28   0x....'....        BL       __aeabi_i2f
   \       0x2C   0x6869             LDR      R1,[R5, #+4]
   \       0x2E   0x....'....        BL       __aeabi_fadd
   \       0x32   0x....'....        BL       __aeabi_f2iz
   \       0x36   0x8060             STRH     R0,[R4, #+2]
    100              gyro_raw.z = get_data(GYRO_ZOUT_H) + gyro_offset.z;        
                                ^
Warning[Pa093]: implicit conversion from floating point to integer
   \       0x38   0x2047             MOVS     R0,#+71
   \       0x3A   0x....'....        BL       get_data
   \       0x3E   0xB200             SXTH     R0,R0            ;; SignExt  R0,R0,#+16,#+16
   \       0x40   0x....'....        BL       __aeabi_i2f
   \       0x44   0x68A9             LDR      R1,[R5, #+8]
   \       0x46   0x....'....        BL       __aeabi_fadd
   \       0x4A   0x....'....        BL       __aeabi_f2iz
   \       0x4E   0x80A0             STRH     R0,[R4, #+4]
    101              
    102              gyro_raw_f.x = (float)butterworth_lpf(((float)gyro_raw.x),&gyro_butter_data[0],&gyro_30hz_parameter);
   \       0x50   0x....             LDR.N    R5,??DataTable8_5
   \       0x52   0x....             LDR.N    R6,??DataTable8_6
   \       0x54   0x....             LDR.N    R7,??DataTable8_7
   \       0x56   0x003A             MOVS     R2,R7
   \       0x58   0x0031             MOVS     R1,R6
   \       0x5A   0x000E             MOVS     R6,R1
   \       0x5C   0x0017             MOVS     R7,R2
   \       0x5E   0xF9B4 0x0000      LDRSH    R0,[R4, #+0]
   \       0x62   0x....'....        BL       __aeabi_i2f
   \       0x66   0x003A             MOVS     R2,R7
   \       0x68   0x0031             MOVS     R1,R6
   \       0x6A   0x....'....        BL       butterworth_lpf
   \       0x6E   0x6028             STR      R0,[R5, #+0]
    103              gyro_raw_f.y = (float)butterworth_lpf(((float)gyro_raw.y),&gyro_butter_data[1],&gyro_30hz_parameter);
   \       0x70   0x003A             MOVS     R2,R7
   \       0x72   0xF116 0x0118      ADDS     R1,R6,#+24
   \       0x76   0x4688             MOV      R8,R1
   \       0x78   0x0017             MOVS     R7,R2
   \       0x7A   0xF9B4 0x0002      LDRSH    R0,[R4, #+2]
   \       0x7E   0x....'....        BL       __aeabi_i2f
   \       0x82   0x003A             MOVS     R2,R7
   \       0x84   0x4641             MOV      R1,R8
   \       0x86   0x....'....        BL       butterworth_lpf
   \       0x8A   0x6068             STR      R0,[R5, #+4]
    104              gyro_raw_f.z = (float)butterworth_lpf(((float)gyro_raw.z),&gyro_butter_data[2],&gyro_30hz_parameter);
   \       0x8C   0x003A             MOVS     R2,R7
   \       0x8E   0xF116 0x0130      ADDS     R1,R6,#+48
   \       0x92   0x000E             MOVS     R6,R1
   \       0x94   0x0017             MOVS     R7,R2
   \       0x96   0xF9B4 0x0004      LDRSH    R0,[R4, #+4]
   \       0x9A   0x....'....        BL       __aeabi_i2f
   \       0x9E   0x003A             MOVS     R2,R7
   \       0xA0   0x0031             MOVS     R1,R6
   \       0xA2   0x....'....        BL       butterworth_lpf
   \       0xA6   0x60A8             STR      R0,[R5, #+8]
    105          }
   \       0xA8   0xE8BD 0x81F0      POP      {R4-R8,PC}       ;; return
    106          //raw -> deg/s (degree)

   \                                 In section .text, align 2, keep-with-next
    107          void get_deg_s(SI_F_XYZ *gyro_in,SI_F_XYZ *gyro_deg_out)
    108          {
   \                     get_deg_s: (+1)
   \        0x0   0xB570             PUSH     {R4-R6,LR}
   \        0x2   0x0004             MOVS     R4,R0
   \        0x4   0x000D             MOVS     R5,R1
    109              gyro_deg_out->x = (float)(gyro_in->x * gyro_raw_to_deg_s);
   \        0x6   0x....             LDR.N    R6,??DataTable8_8  ;; 0x3d7a01f4
   \        0x8   0x6820             LDR      R0,[R4, #+0]
   \        0xA   0x0031             MOVS     R1,R6
   \        0xC   0x....'....        BL       __aeabi_fmul
   \       0x10   0x6028             STR      R0,[R5, #+0]
    110              gyro_deg_out->y = (float)(gyro_in->y * gyro_raw_to_deg_s);
   \       0x12   0x6860             LDR      R0,[R4, #+4]
   \       0x14   0x0031             MOVS     R1,R6
   \       0x16   0x....'....        BL       __aeabi_fmul
   \       0x1A   0x6068             STR      R0,[R5, #+4]
    111              gyro_deg_out->z = (float)(gyro_in->z * gyro_raw_to_deg_s);    
   \       0x1C   0x68A0             LDR      R0,[R4, #+8]
   \       0x1E   0x0031             MOVS     R1,R6
   \       0x20   0x....'....        BL       __aeabi_fmul
   \       0x24   0x60A8             STR      R0,[R5, #+8]
    112          }
   \       0x26   0xBD70             POP      {R4-R6,PC}       ;; return
    113          //raw -> rad/s (radian) 1 rad = 180°/π = 57.295779513°

   \                                 In section .text, align 2, keep-with-next
    114          void get_rad_s(SI_F_XYZ *gyro_in,SI_F_XYZ *gyro_out)
    115          {
   \                     get_rad_s: (+1)
   \        0x0   0xB570             PUSH     {R4-R6,LR}
   \        0x2   0x0004             MOVS     R4,R0
   \        0x4   0x000D             MOVS     R5,R1
    116              gyro_out->x = (float)(gyro_in->x * gyro_raw_to_radian_s);
   \        0x6   0x....             LDR.N    R6,??DataTable8_9  ;; 0x3a8ba16f
   \        0x8   0x6820             LDR      R0,[R4, #+0]
   \        0xA   0x0031             MOVS     R1,R6
   \        0xC   0x....'....        BL       __aeabi_fmul
   \       0x10   0x6028             STR      R0,[R5, #+0]
    117              gyro_out->y = (float)(gyro_in->y * gyro_raw_to_radian_s);
   \       0x12   0x6860             LDR      R0,[R4, #+4]
   \       0x14   0x0031             MOVS     R1,R6
   \       0x16   0x....'....        BL       __aeabi_fmul
   \       0x1A   0x6068             STR      R0,[R5, #+4]
    118              gyro_out->z = (float)(gyro_in->z * gyro_raw_to_radian_s);
   \       0x1C   0x68A0             LDR      R0,[R4, #+8]
   \       0x1E   0x0031             MOVS     R1,R6
   \       0x20   0x....'....        BL       __aeabi_fmul
   \       0x24   0x60A8             STR      R0,[R5, #+8]
    119          }
   \       0x26   0xBD70             POP      {R4-R6,PC}       ;; return
    120          
    121          //求取IIR濾波係數

   \                                 In section .text, align 2, keep-with-next
    122          void get_iir_factor(float *out_factor,float Time, float Cut_Off)//30 or 25
    123          {
   \                     get_iir_factor: (+1)
   \        0x0   0xB538             PUSH     {R3-R5,LR}
   \        0x2   0x0004             MOVS     R4,R0
   \        0x4   0x000D             MOVS     R5,R1
   \        0x6   0x0011             MOVS     R1,R2
    124              *out_factor = Time /( Time + 1/(2.0f * PI * Cut_Off) ); //2.0f tell compiler that 2.0 is a float point not a double 
   \        0x8   0x....             LDR.N    R0,??DataTable8_10  ;; 0x40c90fdb
   \        0xA   0x....'....        BL       __aeabi_fmul
   \        0xE   0x0001             MOVS     R1,R0
   \       0x10   0xF05F 0x507E      MOVS     R0,#+1065353216
   \       0x14   0x....'....        BL       __aeabi_fdiv
   \       0x18   0x0029             MOVS     R1,R5
   \       0x1A   0x....'....        BL       __aeabi_fadd
   \       0x1E   0x0001             MOVS     R1,R0
   \       0x20   0x0028             MOVS     R0,R5
   \       0x22   0x....'....        BL       __aeabi_fdiv
   \       0x26   0x6020             STR      R0,[R4, #+0]
    125          }
   \       0x28   0xBD31             POP      {R0,R4,R5,PC}    ;; return
    126          /*==================================
    127          加速度計
    128          ==================================*/
    129          //IIR低通濾波器(加速度)

   \                                 In section .text, align 2, keep-with-next
    130          void acc_iir_lpf(SI_F_XYZ *acc_in, SI_F_XYZ *acc_out, float lpf_factor)
    131          {
   \                     acc_iir_lpf: (+1)
   \        0x0   0xB570             PUSH     {R4-R6,LR}
   \        0x2   0x0004             MOVS     R4,R0
   \        0x4   0x000D             MOVS     R5,R1
   \        0x6   0x0016             MOVS     R6,R2
    132              acc_out->x = acc_out->x + lpf_factor*(acc_in->x - acc_out->x); 
   \        0x8   0x6820             LDR      R0,[R4, #+0]
   \        0xA   0x6829             LDR      R1,[R5, #+0]
   \        0xC   0x....'....        BL       __aeabi_fsub
   \       0x10   0x0031             MOVS     R1,R6
   \       0x12   0x....'....        BL       __aeabi_fmul
   \       0x16   0x6829             LDR      R1,[R5, #+0]
   \       0x18   0x....'....        BL       __aeabi_fadd
   \       0x1C   0x6028             STR      R0,[R5, #+0]
    133              acc_out->y = acc_out->y + lpf_factor*(acc_in->y - acc_out->y);
   \       0x1E   0x6860             LDR      R0,[R4, #+4]
   \       0x20   0x6869             LDR      R1,[R5, #+4]
   \       0x22   0x....'....        BL       __aeabi_fsub
   \       0x26   0x0031             MOVS     R1,R6
   \       0x28   0x....'....        BL       __aeabi_fmul
   \       0x2C   0x6869             LDR      R1,[R5, #+4]
   \       0x2E   0x....'....        BL       __aeabi_fadd
   \       0x32   0x6068             STR      R0,[R5, #+4]
    134              acc_out->z = acc_out->z + lpf_factor*(acc_in->z - acc_out->z); 
   \       0x34   0x68A0             LDR      R0,[R4, #+8]
   \       0x36   0x68A9             LDR      R1,[R5, #+8]
   \       0x38   0x....'....        BL       __aeabi_fsub
   \       0x3C   0x0031             MOVS     R1,R6
   \       0x3E   0x....'....        BL       __aeabi_fmul
   \       0x42   0x68A9             LDR      R1,[R5, #+8]
   \       0x44   0x....'....        BL       __aeabi_fadd
   \       0x48   0x60A8             STR      R0,[R5, #+8]
    135          }
   \       0x4A   0xBD70             POP      {R4-R6,PC}       ;; return
    136          //加速度計濾波參數
    137          

   \                                 In section .data, align 4
    138          _Butterworth_parameter acc_5hz_parameter =
   \                     acc_5hz_parameter:
   \        0x0   0x3F80'0000        DC32 0x3f80'0000, 0xbfe3'aa35, 0x3f4d'0167, 0x3bb5'9faf, 0x3c35'9faf
   \              0xBFE3'AA35  
   \              0x3F4D'0167  
   \              0x3BB5'9FAF  
   \              0x3C35'9FAF  
   \       0x14   0x3BB5'9FAF        DC32 0x3bb5'9faf
    139          {
    140              //200hz---1hz 200hz = fs(Sampling rate) 1hz = (cut off frequency) 
    141              //  1,   -1.955578240315,   0.9565436765112,
    142              //  0.000241359049042, 0.000482718098084, 0.000241359049042
    143              //200hz---2hz = fs(Sampling rate) 2hz = (cut off frequency)
    144              //    1,   -1.911197067426,   0.9149758348014,
    145              //    0.0009446918438402,  0.00188938368768,0.0009446918438402
    146              //200hz---5hz
    147                  1,                  -1.778631777825,    0.8008026466657,
    148                  0.005542717210281,   0.01108543442056,  0.005542717210281
    149              //200hz---10hz
    150              //        1,   -1.561018075801,   0.6413515380576,
    151              //        0.02008336556421,  0.04016673112842,  0.02008336556421
    152              //200hz---15hz
    153              //    1,   -1.348967745253,   0.5139818942197,
    154              //    0.04125353724172,  0.08250707448344,  0.04125353724172
    155              //200hz---20hz
    156              //    1,    -1.14298050254,   0.4128015980962,
    157              //    0.06745527388907,   0.1349105477781,  0.06745527388907
    158              //200hz---30hz
    159          //        1,  -0.7477891782585,    0.272214937925,
    160          //        0.1311064399166,   0.2622128798333,   0.1311064399166 
    161          };     
    162          

   \                                 In section .bss, align 4
    163          _Butterworth_data   acc_butter_data[3];
   \                     acc_butter_data:
   \        0x0                      DS8 72
    164          //加速度計巴特沃斯低通

   \                                 In section .text, align 2, keep-with-next
    165          void acc_butterworth_lpf(SI_F_XYZ *acc_in,SI_F_XYZ *acc_out)
    166          {
   \                     acc_butterworth_lpf: (+1)
   \        0x0   0xB5F8             PUSH     {R3-R7,LR}
   \        0x2   0x0004             MOVS     R4,R0
   \        0x4   0x000D             MOVS     R5,R1
    167              acc_out->x = butterworth_lpf(acc_in->x,&acc_butter_data[0],&acc_5hz_parameter);
   \        0x6   0x....             LDR.N    R6,??DataTable8_11
   \        0x8   0x....             LDR.N    R7,??DataTable8_12
   \        0xA   0x003A             MOVS     R2,R7
   \        0xC   0x0031             MOVS     R1,R6
   \        0xE   0x6820             LDR      R0,[R4, #+0]
   \       0x10   0x....'....        BL       butterworth_lpf
   \       0x14   0x6028             STR      R0,[R5, #+0]
    168              acc_out->y = butterworth_lpf(acc_in->y,&acc_butter_data[1],&acc_5hz_parameter);
   \       0x16   0x003A             MOVS     R2,R7
   \       0x18   0xF116 0x0118      ADDS     R1,R6,#+24
   \       0x1C   0x6860             LDR      R0,[R4, #+4]
   \       0x1E   0x....'....        BL       butterworth_lpf
   \       0x22   0x6068             STR      R0,[R5, #+4]
    169              acc_out->z = butterworth_lpf(acc_in->z,&acc_butter_data[2],&acc_5hz_parameter);
   \       0x24   0x003A             MOVS     R2,R7
   \       0x26   0xF116 0x0130      ADDS     R1,R6,#+48
   \       0x2A   0x68A0             LDR      R0,[R4, #+8]
   \       0x2C   0x....'....        BL       butterworth_lpf
   \       0x30   0x60A8             STR      R0,[R5, #+8]
    170          }
   \       0x32   0xBDF1             POP      {R0,R4-R7,PC}    ;; return
    171          //原始加速度量轉為 g

   \                                 In section .text, align 2, keep-with-next
    172          void get_acc_g(SI_F_XYZ *acc_in,SI_F_XYZ *acc_out)
    173          {
   \                     get_acc_g: (+1)
   \        0x0   0xB570             PUSH     {R4-R6,LR}
   \        0x2   0x0004             MOVS     R4,R0
   \        0x4   0x000D             MOVS     R5,R1
    174              acc_out->x = (float)(acc_in->x * acc_raw_to_g);
   \        0x6   0xF05F 0x5666      MOVS     R6,#+964689920
   \        0xA   0x6820             LDR      R0,[R4, #+0]
   \        0xC   0x0031             MOVS     R1,R6
   \        0xE   0x....'....        BL       __aeabi_fmul
   \       0x12   0x6028             STR      R0,[R5, #+0]
    175              acc_out->y = (float)(acc_in->y * acc_raw_to_g);
   \       0x14   0x6860             LDR      R0,[R4, #+4]
   \       0x16   0x0031             MOVS     R1,R6
   \       0x18   0x....'....        BL       __aeabi_fmul
   \       0x1C   0x6068             STR      R0,[R5, #+4]
    176              acc_out->z = (float)(acc_in->z * acc_raw_to_g);
   \       0x1E   0x68A0             LDR      R0,[R4, #+8]
   \       0x20   0x0031             MOVS     R1,R6
   \       0x22   0x....'....        BL       __aeabi_fmul
   \       0x26   0x60A8             STR      R0,[R5, #+8]
    177          }
   \       0x28   0xBD70             POP      {R4-R6,PC}       ;; return
    178          
    179          //

   \                                 In section .bss, align 2
    180          volatile s16 ax=0,ay=0,az=0,gx=0,gy=0,gz=0;
   \                     ax:
   \        0x0                      DS8 2

   \                                 In section .bss, align 2
   \                     ay:
   \        0x0                      DS8 2

   \                                 In section .bss, align 2
   \                     az:
   \        0x0                      DS8 2

   \                                 In section .bss, align 2
   \                     gx:
   \        0x0                      DS8 2

   \                                 In section .bss, align 2
   \                     gy:
   \        0x0                      DS8 2

   \                                 In section .bss, align 2
   \                     gz:
   \        0x0                      DS8 2

   \                                 In section .text, align 2, keep-with-next
    181          void MPU6050_Get_Display(void){//MPU6050_Show_Data *data){
   \                     MPU6050_Get_Display: (+1)
   \        0x0   0xE92D 0x47F0      PUSH     {R4-R10,LR}
    182              //  /* 计算x, y, z 轴倾角，返回弧度值*/
    183              //  data->x = acos((IIC_Read_Two_Byte(SlaveAddress,ACCEL_XOUT_H) + accel_offset.x) / 4096.0);
    184              //  data->y = acos((IIC_Read_Two_Byte(SlaveAddress,ACCEL_YOUT_H) + accel_offset.y) / 4096.0);
    185              //  data->z = acos((IIC_Read_Two_Byte(SlaveAddress,ACCEL_ZOUT_H) + accel_offset.z) / 4096.0);
    186              //  
    187              //  /* 弧度值转换为角度值 */
    188              //  data->x = data->x * 57.29577;
    189              //  data->y = data->y * 57.29577;
    190              //  data->z = data->z * 57.29577;
    191              s16 data13 = get_data(GYRO_XOUT_H);
   \        0x4   0x2043             MOVS     R0,#+67
   \        0x6   0x....'....        BL       get_data
   \        0xA   0x0004             MOVS     R4,R0
    192              s16 data14 = get_data(GYRO_YOUT_H);
   \        0xC   0x2045             MOVS     R0,#+69
   \        0xE   0x....'....        BL       get_data
   \       0x12   0x0005             MOVS     R5,R0
    193              s16 data15 = get_data(GYRO_ZOUT_H);
   \       0x14   0x2047             MOVS     R0,#+71
   \       0x16   0x....'....        BL       get_data
   \       0x1A   0x0006             MOVS     R6,R0
    194              s16 data16 = get_data(ACCEL_XOUT_H);
   \       0x1C   0x203B             MOVS     R0,#+59
   \       0x1E   0x....'....        BL       get_data
   \       0x22   0x4681             MOV      R9,R0
    195              s16 data17 = get_data(ACCEL_YOUT_H);
   \       0x24   0x203D             MOVS     R0,#+61
   \       0x26   0x....'....        BL       get_data
   \       0x2A   0x4682             MOV      R10,R0
    196              s16 data18 = get_data(ACCEL_ZOUT_H);
   \       0x2C   0x203F             MOVS     R0,#+63
   \       0x2E   0x....'....        BL       get_data
   \       0x32   0x0007             MOVS     R7,R0
    197              ax = data16+accel_offset.x;
                        ^
Warning[Pa093]: implicit conversion from floating point to integer
   \       0x34   0x....'....        LDR.W    R8,??DataTable8_13
   \       0x38   0xFA0F 0xF989      SXTH     R9,R9            ;; SignExt  R9,R9,#+16,#+16
   \       0x3C   0x4648             MOV      R0,R9
   \       0x3E   0x....'....        BL       __aeabi_i2f
   \       0x42   0xF8D8 0x1000      LDR      R1,[R8, #+0]
   \       0x46   0x....'....        BL       __aeabi_fadd
   \       0x4A   0x....'....        BL       __aeabi_f2iz
   \       0x4E   0x....             LDR.N    R1,??DataTable8_14
   \       0x50   0x8008             STRH     R0,[R1, #+0]
    198              ay = data17+accel_offset.y;
                        ^
Warning[Pa093]: implicit conversion from floating point to integer
   \       0x52   0xFA0F 0xFA8A      SXTH     R10,R10          ;; SignExt  R10,R10,#+16,#+16
   \       0x56   0x4650             MOV      R0,R10
   \       0x58   0x....'....        BL       __aeabi_i2f
   \       0x5C   0xF8D8 0x1004      LDR      R1,[R8, #+4]
   \       0x60   0x....'....        BL       __aeabi_fadd
   \       0x64   0x....'....        BL       __aeabi_f2iz
   \       0x68   0x....             LDR.N    R1,??DataTable8_15
   \       0x6A   0x8008             STRH     R0,[R1, #+0]
    199              az = data18+accel_offset.z;
                        ^
Warning[Pa093]: implicit conversion from floating point to integer
   \       0x6C   0xB23F             SXTH     R7,R7            ;; SignExt  R7,R7,#+16,#+16
   \       0x6E   0x0038             MOVS     R0,R7
   \       0x70   0x....'....        BL       __aeabi_i2f
   \       0x74   0xF8D8 0x1008      LDR      R1,[R8, #+8]
   \       0x78   0x....'....        BL       __aeabi_fadd
   \       0x7C   0x....'....        BL       __aeabi_f2iz
   \       0x80   0x....             LDR.N    R1,??DataTable8_16
   \       0x82   0x8008             STRH     R0,[R1, #+0]
    200              gx = data13+gyro_offset.x;
                        ^
Warning[Pa093]: implicit conversion from floating point to integer
   \       0x84   0x....             LDR.N    R7,??DataTable8_4
   \       0x86   0xB224             SXTH     R4,R4            ;; SignExt  R4,R4,#+16,#+16
   \       0x88   0x0020             MOVS     R0,R4
   \       0x8A   0x....'....        BL       __aeabi_i2f
   \       0x8E   0x6839             LDR      R1,[R7, #+0]
   \       0x90   0x....'....        BL       __aeabi_fadd
   \       0x94   0x....'....        BL       __aeabi_f2iz
   \       0x98   0x....             LDR.N    R1,??DataTable8_17
   \       0x9A   0x8008             STRH     R0,[R1, #+0]
    201              gy = data14+gyro_offset.y;
                        ^
Warning[Pa093]: implicit conversion from floating point to integer
   \       0x9C   0xB22D             SXTH     R5,R5            ;; SignExt  R5,R5,#+16,#+16
   \       0x9E   0x0028             MOVS     R0,R5
   \       0xA0   0x....'....        BL       __aeabi_i2f
   \       0xA4   0x6879             LDR      R1,[R7, #+4]
   \       0xA6   0x....'....        BL       __aeabi_fadd
   \       0xAA   0x....'....        BL       __aeabi_f2iz
   \       0xAE   0x....             LDR.N    R1,??DataTable8_18
   \       0xB0   0x8008             STRH     R0,[R1, #+0]
    202              gz = data15+gyro_offset.z;
                        ^
Warning[Pa093]: implicit conversion from floating point to integer
   \       0xB2   0xB236             SXTH     R6,R6            ;; SignExt  R6,R6,#+16,#+16
   \       0xB4   0x0030             MOVS     R0,R6
   \       0xB6   0x....'....        BL       __aeabi_i2f
   \       0xBA   0x68B9             LDR      R1,[R7, #+8]
   \       0xBC   0x....'....        BL       __aeabi_fadd
   \       0xC0   0x....'....        BL       __aeabi_f2iz
   \       0xC4   0x....             LDR.N    R1,??DataTable8_19
   \       0xC6   0x8008             STRH     R0,[R1, #+0]
    203          }
   \       0xC8   0xE8BD 0x87F0      POP      {R4-R10,PC}      ;; return

   \                                 In section .text, align 4, keep-with-next
   \                     ??DataTable8:
   \        0x0   0x....'....        DC32     ?_0

   \                                 In section .text, align 4, keep-with-next
   \                     ??DataTable8_1:
   \        0x0   0x....'....        DC32     acc_raw

   \                                 In section .text, align 4, keep-with-next
   \                     ??DataTable8_2:
   \        0x0   0x....'....        DC32     acc_raw_f

   \                                 In section .text, align 4, keep-with-next
   \                     ??DataTable8_3:
   \        0x0   0x....'....        DC32     gyro_raw

   \                                 In section .text, align 4, keep-with-next
   \                     ??DataTable8_4:
   \        0x0   0x....'....        DC32     gyro_offset

   \                                 In section .text, align 4, keep-with-next
   \                     ??DataTable8_5:
   \        0x0   0x....'....        DC32     gyro_raw_f

   \                                 In section .text, align 4, keep-with-next
   \                     ??DataTable8_6:
   \        0x0   0x....'....        DC32     gyro_butter_data

   \                                 In section .text, align 4, keep-with-next
   \                     ??DataTable8_7:
   \        0x0   0x....'....        DC32     gyro_30hz_parameter

   \                                 In section .text, align 4, keep-with-next
   \                     ??DataTable8_8:
   \        0x0   0x3D7A'01F4        DC32     0x3d7a01f4

   \                                 In section .text, align 4, keep-with-next
   \                     ??DataTable8_9:
   \        0x0   0x3A8B'A16F        DC32     0x3a8ba16f

   \                                 In section .text, align 4, keep-with-next
   \                     ??DataTable8_10:
   \        0x0   0x40C9'0FDB        DC32     0x40c90fdb

   \                                 In section .text, align 4, keep-with-next
   \                     ??DataTable8_11:
   \        0x0   0x....'....        DC32     acc_butter_data

   \                                 In section .text, align 4, keep-with-next
   \                     ??DataTable8_12:
   \        0x0   0x....'....        DC32     acc_5hz_parameter

   \                                 In section .text, align 4, keep-with-next
   \                     ??DataTable8_13:
   \        0x0   0x....'....        DC32     accel_offset

   \                                 In section .text, align 4, keep-with-next
   \                     ??DataTable8_14:
   \        0x0   0x....'....        DC32     ax

   \                                 In section .text, align 4, keep-with-next
   \                     ??DataTable8_15:
   \        0x0   0x....'....        DC32     ay

   \                                 In section .text, align 4, keep-with-next
   \                     ??DataTable8_16:
   \        0x0   0x....'....        DC32     az

   \                                 In section .text, align 4, keep-with-next
   \                     ??DataTable8_17:
   \        0x0   0x....'....        DC32     gx

   \                                 In section .text, align 4, keep-with-next
   \                     ??DataTable8_18:
   \        0x0   0x....'....        DC32     gy

   \                                 In section .text, align 4, keep-with-next
   \                     ??DataTable8_19:
   \        0x0   0x....'....        DC32     gz

   \                                 In section .rodata, align 4
   \                     ?_0:
   \        0x0   0x6D 0x70          DC8 "mpu id is %x\012"
   \              0x75 0x20    
   \              0x69 0x64    
   \              0x20 0x69    
   \              0x73 0x20    
   \              0x25 0x78    
   \              0x0A 0x00    
   \        0xE   0x00 0x00          DC8 0, 0

   Maximum stack usage in bytes:

   .cstack Function
   ------- --------
      32   MPU6050_Get_Display
        32   -> __aeabi_f2iz
        32   -> __aeabi_fadd
        32   -> __aeabi_i2f
        32   -> get_data
       8   MPU6050_Init
         8   -> IIC_Send
      24   acc_butterworth_lpf
        24   -> butterworth_lpf
      16   acc_iir_lpf
        16   -> __aeabi_fadd
        16   -> __aeabi_fmul
        16   -> __aeabi_fsub
      16   get_acc_g
        16   -> __aeabi_fmul
      16   get_acc_raw
        16   -> __aeabi_i2f
        16   -> get_data
      16   get_data
        16   -> IIC_Read
      16   get_deg_s
        16   -> __aeabi_fmul
      24   get_gyro_raw
        24   -> __aeabi_f2iz
        24   -> __aeabi_fadd
        24   -> __aeabi_i2f
        24   -> butterworth_lpf
        24   -> get_data
      16   get_iir_factor
        16   -> __aeabi_fadd
        16   -> __aeabi_fdiv
        16   -> __aeabi_fmul
       8   get_mpu_id
         8   -> IIC_Read
         8   -> printf
      16   get_rad_s
        16   -> __aeabi_fmul


   Section sizes:

   Bytes  Function/Label
   -----  --------------
       4  ??DataTable8
       4  ??DataTable8_1
       4  ??DataTable8_10
       4  ??DataTable8_11
       4  ??DataTable8_12
       4  ??DataTable8_13
       4  ??DataTable8_14
       4  ??DataTable8_15
       4  ??DataTable8_16
       4  ??DataTable8_17
       4  ??DataTable8_18
       4  ??DataTable8_19
       4  ??DataTable8_2
       4  ??DataTable8_3
       4  ??DataTable8_4
       4  ??DataTable8_5
       4  ??DataTable8_6
       4  ??DataTable8_7
       4  ??DataTable8_8
       4  ??DataTable8_9
      16  ?_0
     204  MPU6050_Get_Display
     174  MPU6050_Init
      44  Mpu
      24  acc_5hz_parameter
      12  acc_att_lpf
      72  acc_butter_data
      52  acc_butterworth_lpf
      76  acc_iir_lpf
       8  acc_raw
      12  acc_raw_f
      12  accel_offset
       2  ax
       2  ay
       2  az
      42  get_acc_g
      62  get_acc_raw
      36  get_data
      40  get_deg_s
     172  get_gyro_raw
      42  get_iir_factor
      30  get_mpu_id
      40  get_rad_s
       2  gx
       2  gy
      24  gyro_30hz_parameter
      72  gyro_butter_data
      12  gyro_lpf
      12  gyro_offset
       8  gyro_raw
      12  gyro_raw_f
       2  gz

 
   288 bytes in section .bss
    48 bytes in section .data
    16 bytes in section .rodata
 1'050 bytes in section .text
 
 1'050 bytes of CODE  memory
    16 bytes of CONST memory
   336 bytes of DATA  memory

Errors: none
Warnings: 9
