###############################################################################
#
# IAR ANSI C/C++ Compiler V8.40.2.214/W32 for ARM         15/Jul/2020  23:05:34
# Copyright 1999-2019 IAR Systems AB.
#
#    Cpu mode     =  
#    Endian       =  little
#    Source file  =
#        E:\STM32Project\Cubli_with_STM32F429\Cubli-with-STM32F429\Cubli\user\src\time.c
#    Command line =
#        -f C:\Users\Evan\AppData\Local\Temp\EW2E0A.tmp
#        (E:\STM32Project\Cubli_with_STM32F429\Cubli-with-STM32F429\Cubli\user\src\time.c
#        -D USE_STDPERIPH_DRIVER -D STM32F429_439xx -lC
#        E:\STM32Project\Cubli_with_STM32F429\Cubli-with-STM32F429\Cubli\Debug\List
#        -o
#        E:\STM32Project\Cubli_with_STM32F429\Cubli-with-STM32F429\Cubli\Debug\Obj
#        --no_cse --no_unroll --no_inline --no_code_motion --no_tbaa
#        --no_clustering --no_scheduling --debug --endian=little
#        --cpu=Cortex-M4 -e --fpu=None --dlib_config "D:\IAR Systems\Embedded
#        Workbench 8.3\arm\inc\c\DLib_Config_Normal.h" -I
#        E:\STM32Project\Cubli_with_STM32F429\Cubli-with-STM32F429\Cubli\..\STM32F4xx_DSP_StdPeriph_Lib_V1.8.0\Libraries\CMSIS\Device\ST\STM32F4xx\Include\
#        -I
#        E:\STM32Project\Cubli_with_STM32F429\Cubli-with-STM32F429\Cubli\..\STM32F4xx_DSP_StdPeriph_Lib_V1.8.0\Libraries\CMSIS\Device\ST\STM32F4xx\Source\Templates\
#        -I
#        E:\STM32Project\Cubli_with_STM32F429\Cubli-with-STM32F429\Cubli\..\STM32F4xx_DSP_StdPeriph_Lib_V1.8.0\Libraries\CMSIS\Device\ST\STM32F4xx\Source\Templates\iar\
#        -I
#        E:\STM32Project\Cubli_with_STM32F429\Cubli-with-STM32F429\Cubli\..\STM32F4xx_DSP_StdPeriph_Lib_V1.8.0\Libraries\STM32F4xx_StdPeriph_Driver\inc\
#        -I
#        E:\STM32Project\Cubli_with_STM32F429\Cubli-with-STM32F429\Cubli\..\STM32F4xx_DSP_StdPeriph_Lib_V1.8.0\Libraries\STM32F4xx_StdPeriph_Driver\src\
#        -I
#        E:\STM32Project\Cubli_with_STM32F429\Cubli-with-STM32F429\Cubli\user\inc\
#        -I
#        E:\STM32Project\Cubli_with_STM32F429\Cubli-with-STM32F429\Cubli\user\src\
#        -Ol --use_c++_inline -I "D:\IAR Systems\Embedded Workbench
#        8.3\arm\CMSIS\Core\Include\" -I "D:\IAR Systems\Embedded Workbench
#        8.3\arm\CMSIS\DSP\Include\")
#    Locale       =  C
#    List file    =
#        E:\STM32Project\Cubli_with_STM32F429\Cubli-with-STM32F429\Cubli\Debug\List\time.lst
#    Object file  =
#        E:\STM32Project\Cubli_with_STM32F429\Cubli-with-STM32F429\Cubli\Debug\Obj\time.o
#
###############################################################################

E:\STM32Project\Cubli_with_STM32F429\Cubli-with-STM32F429\Cubli\user\src\time.c
      1          #include "time.h"

   \                                 In section .text, align 4, keep-with-next
      2          void TIM4_IRQHandler(void){
   \                     TIM4_IRQHandler: (+1)
   \        0x0   0xB510             PUSH     {R4,LR}
      3            if(TIM4->SR&0X0001){//確認更新中斷旗標為有效
   \        0x2   0x4C06             LDR.N    R4,??TIM4_IRQHandler_0  ;; 0x40000810
   \        0x4   0x8820             LDRH     R0,[R4, #+0]
   \        0x6   0x07C0             LSLS     R0,R0,#+31
   \        0x8   0xD501             BPL.N    ??TIM4_IRQHandler_1
      4          //    GPIO_ToggleBits(GPIOG,GPIO_Pin_14);
      5              MPU6050_Get_Display();
   \        0xA   0x....'....        BL       MPU6050_Get_Display
      6            }
      7            TIM4->SR&=~(1<<0);//清除更新中斷旗標  TIM4->SR = (uint16_t)~TIM_FLAG;
   \                     ??TIM4_IRQHandler_1: (+1)
   \        0xE   0x8821             LDRH     R1,[R4, #+0]
   \       0x10   0xF64F 0x70FE      MOVW     R0,#+65534
   \       0x14   0x4001             ANDS     R1,R0,R1
   \       0x16   0x8021             STRH     R1,[R4, #+0]
      8          }
   \       0x18   0xBD10             POP      {R4,PC}          ;; return
   \       0x1A   0xBF00             Nop      
   \                     ??TIM4_IRQHandler_0:
   \       0x1C   0x4000'0810        DC32     0x40000810

   Maximum stack usage in bytes:

   .cstack Function
   ------- --------
       8   TIM4_IRQHandler
         8   -> MPU6050_Get_Display


   Section sizes:

   Bytes  Function/Label
   -----  --------------
      32  TIM4_IRQHandler

 
 32 bytes in section .text
 
 32 bytes of CODE memory

Errors: none
Warnings: none
